// Vitest Snapshot v1, https://vitest.dev/guide/snapshot.html

exports[`<Footer /> Component > renders correctly 1`] = `<Footer />`;
