// Vitest Snapshot v1, https://vitest.dev/guide/snapshot.html

exports[`<Banner /> Component > renders correctly 1`] = `<Banner />`;

exports[`renders correctly 1`] = `<Banner />`;
